
> backend@1.0.0 test
> cross-env NODE_ENV=test NODE_OPTIONS=--experimental-vm-modules jest tests/auth.test.js

npm : FAIL tests/auth.test.js
At line:1 char:1
+ npm test -- tests/auth.test.js > 
test_output.txt 2>&1
+ ~~~~~~~~~~~~~~~~~~~~~~~~~~~~~~~~~~~~~~~~~~~~
~~~~~~~~~
    + CategoryInfo          : NotSpecified: ( 
   FAIL tests/auth.test.js:String) [], Remot  
  eException
    + FullyQualifiedErrorId : NativeCommandEr 
   ror
 
  ΓùÅ Test suite failed to run

    Cannot find module 'express-validator' 
from 'src/middleware/validation.js'

      at Resolver._throwModNotFoundError (node
_modules/jest-resolve/build/index.js:863:11)

Test Suites: 1 failed, 1 total
Tests:       0 total
Snapshots:   0 total
Time:        1.96 s
Ran all test suites matching 
tests/auth.test.js.
Force exiting Jest: Have you considered using 
`--detectOpenHandles` to detect async 
operations that kept running after all tests 
finished?
